<?xml version="1.0" encoding="UTF-8"?>
<TestRun id="858f70b9-e3e9-40c4-b253-1c5c09959080" name="test10@TEST10-PC 2012-02-27 17:37:49" runUser="test10-PC\test10" xmlns="http://microsoft.com/schemas/VisualStudio/TeamTest/2010">
  <TestSettings name="Local" id="f3043938-dcdd-4f2a-9e2a-5afcdb710703">
    <Description>These are default test settings for a local test run.</Description>
    <Deployment enabled="false" runDeploymentRoot="test10_TEST10-PC 2012-02-27 17_37_49">
      <DeploymentItem filename="D:\Mine\CCL\PatternRecognition\bin\Debug\PatternRecognition.dll" />
    </Deployment>
    <Execution>
      <TestTypeSpecific />
      <AgentRule name="Execution Agents">
      </AgentRule>
    </Execution>
  </TestSettings>
  <Times creation="2012-02-27T17:37:49.4339955+02:00" queuing="2012-02-27T17:37:49.9530252+02:00" start="2012-02-27T17:37:50.0050282+02:00" finish="2012-02-27T17:37:50.3670489+02:00" />
  <ResultSummary outcome="Completed">
    <Counters total="1" executed="1" passed="1" error="0" failed="0" timeout="0" aborted="0" inconclusive="0" passedButRunAborted="0" notRunnable="0" notExecuted="0" disconnected="0" warning="0" completed="0" inProgress="0" pending="0" />
  </ResultSummary>
  <TestDefinitions>
    <UnitTest name="ExtractTest" storage="c:\users\test10\desktop\article\connectedcomponentlabeling\unittests\bin\debug\unittests.dll" id="3eb38f8d-f097-7d4d-ae55-d20c406921e6">
      <Execution id="15d5a237-9576-4259-a861-d707043be573" />
      <TestMethod codeBase="C:/Users/test10/Desktop/Article/ConnectedComponentLabeling/UnitTests/bin/Debug/UnitTests.DLL" adapterTypeName="Microsoft.VisualStudio.TestTools.TestTypes.Unit.UnitTestAdapter, Microsoft.VisualStudio.QualityTools.Tips.UnitTest.Adapter, Version=10.0.0.0, Culture=neutral, PublicKeyToken=b03f5f7f11d50a3a" className="UnitTests.PreProcessTest, UnitTests, Version=1.0.0.0, Culture=neutral, PublicKeyToken=null" name="ExtractTest" />
    </UnitTest>
  </TestDefinitions>
  <TestLists>
    <TestList name="Results Not in a List" id="8c84fa94-04c1-424b-9868-57a2d4851a1d" />
    <TestList name="All Loaded Results" id="19431567-8539-422a-85d7-44ee4e166bda" />
  </TestLists>
  <TestEntries>
    <TestEntry testId="3eb38f8d-f097-7d4d-ae55-d20c406921e6" executionId="15d5a237-9576-4259-a861-d707043be573" testListId="8c84fa94-04c1-424b-9868-57a2d4851a1d" />
  </TestEntries>
  <Results>
    <UnitTestResult executionId="15d5a237-9576-4259-a861-d707043be573" testId="3eb38f8d-f097-7d4d-ae55-d20c406921e6" testName="ExtractTest" computerName="TEST10-PC" duration="00:00:00.0695772" startTime="2012-02-27T17:37:50.0130286+02:00" endTime="2012-02-27T17:37:50.3420475+02:00" testType="13cdc9d9-ddb5-4fa4-a97d-d965ccfc6d4b" outcome="Passed" testListId="8c84fa94-04c1-424b-9868-57a2d4851a1d" relativeResultsDirectory="15d5a237-9576-4259-a861-d707043be573">
    </UnitTestResult>
  </Results>
</TestRun>